2026-06-05 21:31:02.715028: I tensorflow/core/util/port.cc:153] oneDNN custom operations are on. You may see slightly different numerical results due to floating-point round-off errors from different computation orders. To turn them off, set the environment variable `TF_ENABLE_ONEDNN_OPTS=0`.
2026-06-05 21:31:03.908116: I tensorflow/core/util/port.cc:153] oneDNN custom operations are on. You may see slightly different numerical results due to floating-point round-off errors from different computation orders. To turn them off, set the environment variable `TF_ENABLE_ONEDNN_OPTS=0`.
Using cpu device
Wrapping the env with a `Monitor` wrapper
Wrapping the env in a DummyVecEnv.
Logging to C:\Users\ADMIN\maze_rl_logs\dqn\DQN_MazeEnv_9
----------------------------------
| rollout/            |          |
|    ep_len_mean      | 1e+03    |
|    ep_rew_mean      | -681     |
|    exploration_rate | 0.958    |
| time/               |          |
|    episodes         | 4        |
|    fps              | 1898     |
|    time_elapsed     | 2        |
|    total_timesteps  | 4000     |
| train/              |          |
|    learning_rate    | 0.001    |
|    loss             | 0.000374 |
|    n_updates        | 749      |
----------------------------------
----------------------------------
| rollout/            |          |
|    ep_len_mean      | 948      |
|    ep_rew_mean      | -650     |
|    exploration_rate | 0.92     |
| time/               |          |
|    episodes         | 8        |
|    fps              | 1668     |
|    time_elapsed     | 4        |
|    total_timesteps  | 7588     |
| train/              |          |
|    learning_rate    | 0.001    |
|    loss             | 0.00045  |
|    n_updates        | 1646     |
----------------------------------
----------------------------------
| rollout/            |          |
|    ep_len_mean      | 933      |
|    ep_rew_mean      | -590     |
|    exploration_rate | 0.882    |
| time/               |          |
|    episodes         | 12       |
|    fps              | 1598     |
|    time_elapsed     | 7        |
|    total_timesteps  | 11197    |
| train/              |          |
|    learning_rate    | 0.001    |
|    loss             | 0.00131  |
|    n_updates        | 2549     |
----------------------------------
----------------------------------
| rollout/            |          |
|    ep_len_mean      | 895      |
|    ep_rew_mean      | -538     |
|    exploration_rate | 0.849    |
| time/               |          |
|    episodes         | 16       |
|    fps              | 1553     |
|    time_elapsed     | 9        |
|    total_timesteps  | 14319    |
| train/              |          |
|    learning_rate    | 0.001    |
|    loss             | 0.000994 |
|    n_updates        | 3329     |
----------------------------------
----------------------------------
| rollout/            |          |
|    ep_len_mean      | 862      |
|    ep_rew_mean      | -491     |
|    exploration_rate | 0.818    |
| time/               |          |
|    episodes         | 20       |
|    fps              | 1522     |
|    time_elapsed     | 11       |
|    total_timesteps  | 17249    |
| train/              |          |
|    learning_rate    | 0.001    |
|    loss             | 0.00117  |
|    n_updates        | 4062     |
----------------------------------
----------------------------------
| rollout/            |          |
|    ep_len_mean      | 841      |
|    ep_rew_mean      | -467     |
|    exploration_rate | 0.787    |
| time/               |          |
|    episodes         | 24       |
|    fps              | 1503     |
|    time_elapsed     | 13       |
|    total_timesteps  | 20179    |
| train/              |          |
|    learning_rate    | 0.001    |
|    loss             | 0.00406  |
|    n_updates        | 4794     |
----------------------------------
----------------------------------
| rollout/            |          |
|    ep_len_mean      | 844      |
|    ep_rew_mean      | -458     |
|    exploration_rate | 0.75     |
| time/               |          |
|    episodes         | 28       |
|    fps              | 1485     |
|    time_elapsed     | 15       |
|    total_timesteps  | 23645    |
| train/              |          |
|    learning_rate    | 0.001    |
|    loss             | 0.00261  |
|    n_updates        | 5661     |
----------------------------------
----------------------------------
| rollout/            |          |
|    ep_len_mean      | 825      |
|    ep_rew_mean      | -437     |
|    exploration_rate | 0.721    |
| time/               |          |
|    episodes         | 32       |
|    fps              | 1472     |
|    time_elapsed     | 17       |
|    total_timesteps  | 26412    |
| train/              |          |
|    learning_rate    | 0.001    |
|    loss             | 1.55     |
|    n_updates        | 6352     |
----------------------------------
----------------------------------
| rollout/            |          |
|    ep_len_mean      | 838      |
|    ep_rew_mean      | -431     |
|    exploration_rate | 0.682    |
| time/               |          |
|    episodes         | 36       |
|    fps              | 1455     |
|    time_elapsed     | 20       |
|    total_timesteps  | 30159    |
| train/              |          |
|    learning_rate    | 0.001    |
|    loss             | 0.00597  |
|    n_updates        | 7289     |
----------------------------------
----------------------------------
| rollout/            |          |
|    ep_len_mean      | 850      |
|    ep_rew_mean      | -437     |
|    exploration_rate | 0.641    |
| time/               |          |
|    episodes         | 40       |
|    fps              | 1442     |
|    time_elapsed     | 23       |
|    total_timesteps  | 34020    |
| train/              |          |
|    learning_rate    | 0.001    |
|    loss             | 0.00316  |
|    n_updates        | 8254     |
----------------------------------
----------------------------------
| rollout/            |          |
|    ep_len_mean      | 848      |
|    ep_rew_mean      | -436     |
|    exploration_rate | 0.606    |
| time/               |          |
|    episodes         | 44       |
|    fps              | 1429     |
|    time_elapsed     | 26       |
|    total_timesteps  | 37327    |
| train/              |          |
|    learning_rate    | 0.001    |
|    loss             | 0.00319  |
|    n_updates        | 9081     |
----------------------------------
----------------------------------
| rollout/            |          |
|    ep_len_mean      | 861      |
|    ep_rew_mean      | -451     |
|    exploration_rate | 0.564    |
| time/               |          |
|    episodes         | 48       |
|    fps              | 1416     |
|    time_elapsed     | 29       |
|    total_timesteps  | 41327    |
| train/              |          |
|    learning_rate    | 0.001    |
|    loss             | 0.00487  |
|    n_updates        | 10081    |
----------------------------------
----------------------------------
| rollout/            |          |
|    ep_len_mean      | 872      |
|    ep_rew_mean      | -452     |
|    exploration_rate | 0.522    |
| time/               |          |
|    episodes         | 52       |
|    fps              | 1402     |
|    time_elapsed     | 32       |
|    total_timesteps  | 45327    |
| train/              |          |
|    learning_rate    | 0.001    |
|    loss             | 0.00292  |
|    n_updates        | 11081    |
----------------------------------
----------------------------------
| rollout/            |          |
|    ep_len_mean      | 881      |
|    ep_rew_mean      | -456     |
|    exploration_rate | 0.479    |
| time/               |          |
|    episodes         | 56       |
|    fps              | 1390     |
|    time_elapsed     | 35       |
|    total_timesteps  | 49327    |
| train/              |          |
|    learning_rate    | 0.001    |
|    loss             | 0.00181  |
|    n_updates        | 12081    |
----------------------------------
----------------------------------
| rollout/            |          |
|    ep_len_mean      | 889      |
|    ep_rew_mean      | -467     |
|    exploration_rate | 0.437    |
| time/               |          |
|    episodes         | 60       |
|    fps              | 1378     |
|    time_elapsed     | 38       |
|    total_timesteps  | 53327    |
| train/              |          |
|    learning_rate    | 0.001    |
|    loss             | 0.00241  |
|    n_updates        | 13081    |
----------------------------------
----------------------------------
| rollout/            |          |
|    ep_len_mean      | 896      |
|    ep_rew_mean      | -477     |
|    exploration_rate | 0.395    |
| time/               |          |
|    episodes         | 64       |
|    fps              | 1366     |
|    time_elapsed     | 41       |
|    total_timesteps  | 57327    |
| train/              |          |
|    learning_rate    | 0.001    |
|    loss             | 0.00142  |
|    n_updates        | 14081    |
----------------------------------
----------------------------------
| rollout/            |          |
|    ep_len_mean      | 902      |
|    ep_rew_mean      | -487     |
|    exploration_rate | 0.353    |
| time/               |          |
|    episodes         | 68       |
|    fps              | 1353     |
|    time_elapsed     | 45       |
|    total_timesteps  | 61327    |
| train/              |          |
|    learning_rate    | 0.001    |
|    loss             | 0.00273  |
|    n_updates        | 15081    |
----------------------------------
----------------------------------
| rollout/            |          |
|    ep_len_mean      | 907      |
|    ep_rew_mean      | -500     |
|    exploration_rate | 0.31     |
| time/               |          |
|    episodes         | 72       |
|    fps              | 1341     |
|    time_elapsed     | 48       |
|    total_timesteps  | 65327    |
| train/              |          |
|    learning_rate    | 0.001    |
|    loss             | 0.00249  |
|    n_updates        | 16081    |
----------------------------------
----------------------------------
| rollout/            |          |
|    ep_len_mean      | 912      |
|    ep_rew_mean      | -512     |
|    exploration_rate | 0.268    |
| time/               |          |
|    episodes         | 76       |
|    fps              | 1331     |
|    time_elapsed     | 52       |
|    total_timesteps  | 69327    |
| train/              |          |
|    learning_rate    | 0.001    |
|    loss             | 0.00156  |
|    n_updates        | 17081    |
----------------------------------
----------------------------------
| rollout/            |          |
|    ep_len_mean      | 917      |
|    ep_rew_mean      | -523     |
|    exploration_rate | 0.226    |
| time/               |          |
|    episodes         | 80       |
|    fps              | 1320     |
|    time_elapsed     | 55       |
|    total_timesteps  | 73327    |
| train/              |          |
|    learning_rate    | 0.001    |
|    loss             | 0.000287 |
|    n_updates        | 18081    |
----------------------------------
----------------------------------
| rollout/            |          |
|    ep_len_mean      | 921      |
|    ep_rew_mean      | -533     |
|    exploration_rate | 0.184    |
| time/               |          |
|    episodes         | 84       |
|    fps              | 1309     |
|    time_elapsed     | 59       |
|    total_timesteps  | 77327    |
| train/              |          |
|    learning_rate    | 0.001    |
|    loss             | 0.0021   |
|    n_updates        | 19081    |
----------------------------------
----------------------------------
| rollout/            |          |
|    ep_len_mean      | 924      |
|    ep_rew_mean      | -542     |
|    exploration_rate | 0.142    |
| time/               |          |
|    episodes         | 88       |
|    fps              | 1299     |
|    time_elapsed     | 62       |
|    total_timesteps  | 81327    |
| train/              |          |
|    learning_rate    | 0.001    |
|    loss             | 0.000606 |
|    n_updates        | 20081    |
----------------------------------
----------------------------------
| rollout/            |          |
|    ep_len_mean      | 927      |
|    ep_rew_mean      | -553     |
|    exploration_rate | 0.0993   |
| time/               |          |
|    episodes         | 92       |
|    fps              | 1289     |
|    time_elapsed     | 66       |
|    total_timesteps  | 85327    |
| train/              |          |
|    learning_rate    | 0.001    |
|    loss             | 0.00286  |
|    n_updates        | 21081    |
----------------------------------
----------------------------------
| rollout/            |          |
|    ep_len_mean      | 930      |
|    ep_rew_mean      | -565     |
|    exploration_rate | 0.0571   |
| time/               |          |
|    episodes         | 96       |
|    fps              | 1280     |
|    time_elapsed     | 69       |
|    total_timesteps  | 89327    |
| train/              |          |
|    learning_rate    | 0.001    |
|    loss             | 0.000128 |
|    n_updates        | 22081    |
----------------------------------
----------------------------------
| rollout/            |          |
|    ep_len_mean      | 933      |
|    ep_rew_mean      | -574     |
|    exploration_rate | 0.05     |
| time/               |          |
|    episodes         | 100      |
|    fps              | 1271     |
|    time_elapsed     | 73       |
|    total_timesteps  | 93327    |
| train/              |          |
|    learning_rate    | 0.001    |
|    loss             | 0.000145 |
|    n_updates        | 23081    |
----------------------------------
----------------------------------
| rollout/            |          |
|    ep_len_mean      | 933      |
|    ep_rew_mean      | -580     |
|    exploration_rate | 0.05     |
| time/               |          |
|    episodes         | 104      |
|    fps              | 1261     |
|    time_elapsed     | 77       |
|    total_timesteps  | 97327    |
| train/              |          |
|    learning_rate    | 0.001    |
|    loss             | 0.000266 |
|    n_updates        | 24081    |
----------------------------------
----------------------------------
| rollout/            |          |
|    ep_len_mean      | 937      |
|    ep_rew_mean      | -586     |
|    exploration_rate | 0.05     |
| time/               |          |
|    episodes         | 108      |
|    fps              | 1252     |
|    time_elapsed     | 80       |
|    total_timesteps  | 101327   |
| train/              |          |
|    learning_rate    | 0.001    |
|    loss             | 0.000172 |
|    n_updates        | 25081    |
----------------------------------
----------------------------------
| rollout/            |          |
|    ep_len_mean      | 941      |
|    ep_rew_mean      | -598     |
|    exploration_rate | 0.05     |
| time/               |          |
|    episodes         | 112      |
|    fps              | 1246     |
|    time_elapsed     | 84       |
|    total_timesteps  | 105327   |
| train/              |          |
|    learning_rate    | 0.001    |
|    loss             | 9.94e-05 |
|    n_updates        | 26081    |
----------------------------------
----------------------------------
| rollout/            |          |
|    ep_len_mean      | 950      |
|    ep_rew_mean      | -614     |
|    exploration_rate | 0.05     |
| time/               |          |
|    episodes         | 116      |
|    fps              | 1240     |
|    time_elapsed     | 88       |
|    total_timesteps  | 109327   |
| train/              |          |
|    learning_rate    | 0.001    |
|    loss             | 0.000149 |
|    n_updates        | 27081    |
----------------------------------
----------------------------------
| rollout/            |          |
|    ep_len_mean      | 961      |
|    ep_rew_mean      | -633     |
|    exploration_rate | 0.05     |
| time/               |          |
|    episodes         | 120      |
|    fps              | 1233     |
|    time_elapsed     | 91       |
|    total_timesteps  | 113327   |
| train/              |          |
|    learning_rate    | 0.001    |
|    loss             | 0.000524 |
|    n_updates        | 28081    |
----------------------------------
----------------------------------
| rollout/            |          |
|    ep_len_mean      | 971      |
|    ep_rew_mean      | -651     |
|    exploration_rate | 0.05     |
| time/               |          |
|    episodes         | 124      |
|    fps              | 1228     |
|    time_elapsed     | 95       |
|    total_timesteps  | 117327   |
| train/              |          |
|    learning_rate    | 0.001    |
|    loss             | 9.17e-05 |
|    n_updates        | 29081    |
----------------------------------
----------------------------------
| rollout/            |          |
|    ep_len_mean      | 977      |
|    ep_rew_mean      | -666     |
|    exploration_rate | 0.05     |
| time/               |          |
|    episodes         | 128      |
|    fps              | 1223     |
|    time_elapsed     | 99       |
|    total_timesteps  | 121327   |
| train/              |          |
|    learning_rate    | 0.001    |
|    loss             | 0.00476  |
|    n_updates        | 30081    |
----------------------------------
----------------------------------
| rollout/            |          |
|    ep_len_mean      | 989      |
|    ep_rew_mean      | -686     |
|    exploration_rate | 0.05     |
| time/               |          |
|    episodes         | 132      |
|    fps              | 1216     |
|    time_elapsed     | 103      |
|    total_timesteps  | 125327   |
| train/              |          |
|    learning_rate    | 0.001    |
|    loss             | 0.000194 |
|    n_updates        | 31081    |
----------------------------------
----------------------------------
| rollout/            |          |
|    ep_len_mean      | 992      |
|    ep_rew_mean      | -704     |
|    exploration_rate | 0.05     |
| time/               |          |
|    episodes         | 136      |
|    fps              | 1209     |
|    time_elapsed     | 106      |
|    total_timesteps  | 129327   |
| train/              |          |
|    learning_rate    | 0.001    |
|    loss             | 0.000191 |
|    n_updates        | 32081    |
----------------------------------
----------------------------------
| rollout/            |          |
|    ep_len_mean      | 993      |
|    ep_rew_mean      | -715     |
|    exploration_rate | 0.05     |
| time/               |          |
|    episodes         | 140      |
|    fps              | 1202     |
|    time_elapsed     | 110      |
|    total_timesteps  | 133327   |
| train/              |          |
|    learning_rate    | 0.001    |
|    loss             | 0.00398  |
|    n_updates        | 33081    |
----------------------------------
----------------------------------
| rollout/            |          |
|    ep_len_mean      | 1e+03    |
|    ep_rew_mean      | -730     |
|    exploration_rate | 0.05     |
| time/               |          |
|    episodes         | 144      |
|    fps              | 1196     |
|    time_elapsed     | 114      |
|    total_timesteps  | 137327   |
| train/              |          |
|    learning_rate    | 0.001    |
|    loss             | 0.00851  |
|    n_updates        | 34081    |
----------------------------------
----------------------------------
| rollout/            |          |
|    ep_len_mean      | 1e+03    |
|    ep_rew_mean      | -734     |
|    exploration_rate | 0.05     |
| time/               |          |
|    episodes         | 148      |
|    fps              | 1192     |
|    time_elapsed     | 118      |
|    total_timesteps  | 141327   |
| train/              |          |
|    learning_rate    | 0.001    |
|    loss             | 0.00353  |
|    n_updates        | 35081    |
----------------------------------
----------------------------------
| rollout/            |          |
|    ep_len_mean      | 1e+03    |
|    ep_rew_mean      | -742     |
|    exploration_rate | 0.05     |
| time/               |          |
|    episodes         | 152      |
|    fps              | 1189     |
|    time_elapsed     | 122      |
|    total_timesteps  | 145327   |
| train/              |          |
|    learning_rate    | 0.001    |
|    loss             | 0.00289  |
|    n_updates        | 36081    |
----------------------------------
----------------------------------
| rollout/            |          |
|    ep_len_mean      | 1e+03    |
|    ep_rew_mean      | -755     |
|    exploration_rate | 0.05     |
| time/               |          |
|    episodes         | 156      |
|    fps              | 1186     |
|    time_elapsed     | 125      |
|    total_timesteps  | 149327   |
| train/              |          |
|    learning_rate    | 0.001    |
|    loss             | 0.00028  |
|    n_updates        | 37081    |
----------------------------------
----------------------------------
| rollout/            |          |
|    ep_len_mean      | 1e+03    |
|    ep_rew_mean      | -759     |
|    exploration_rate | 0.05     |
| time/               |          |
|    episodes         | 160      |
|    fps              | 1184     |
|    time_elapsed     | 129      |
|    total_timesteps  | 153327   |
| train/              |          |
|    learning_rate    | 0.001    |
|    loss             | 0.000452 |
|    n_updates        | 38081    |
----------------------------------
----------------------------------
| rollout/            |          |
|    ep_len_mean      | 1e+03    |
|    ep_rew_mean      | -761     |
|    exploration_rate | 0.05     |
| time/               |          |
|    episodes         | 164      |
|    fps              | 1182     |
|    time_elapsed     | 133      |
|    total_timesteps  | 157327   |
| train/              |          |
|    learning_rate    | 0.001    |
|    loss             | 0.000394 |
|    n_updates        | 39081    |
----------------------------------
----------------------------------
| rollout/            |          |
|    ep_len_mean      | 1e+03    |
|    ep_rew_mean      | -764     |
|    exploration_rate | 0.05     |
| time/               |          |
|    episodes         | 168      |
|    fps              | 1179     |
|    time_elapsed     | 136      |
|    total_timesteps  | 161327   |
| train/              |          |
|    learning_rate    | 0.001    |
|    loss             | 0.000322 |
|    n_updates        | 40081    |
----------------------------------
----------------------------------
| rollout/            |          |
|    ep_len_mean      | 1e+03    |
|    ep_rew_mean      | -763     |
|    exploration_rate | 0.05     |
| time/               |          |
|    episodes         | 172      |
|    fps              | 1178     |
|    time_elapsed     | 140      |
|    total_timesteps  | 165327   |
| train/              |          |
|    learning_rate    | 0.001    |
|    loss             | 0.00404  |
|    n_updates        | 41081    |
----------------------------------
----------------------------------
| rollout/            |          |
|    ep_len_mean      | 1e+03    |
|    ep_rew_mean      | -760     |
|    exploration_rate | 0.05     |
| time/               |          |
|    episodes         | 176      |
|    fps              | 1176     |
|    time_elapsed     | 143      |
|    total_timesteps  | 169327   |
| train/              |          |
|    learning_rate    | 0.001    |
|    loss             | 0.00325  |
|    n_updates        | 42081    |
----------------------------------
----------------------------------
| rollout/            |          |
|    ep_len_mean      | 1e+03    |
|    ep_rew_mean      | -759     |
|    exploration_rate | 0.05     |
| time/               |          |
|    episodes         | 180      |
|    fps              | 1174     |
|    time_elapsed     | 147      |
|    total_timesteps  | 173327   |
| train/              |          |
|    learning_rate    | 0.001    |
|    loss             | 0.0011   |
|    n_updates        | 43081    |
----------------------------------
----------------------------------
| rollout/            |          |
|    ep_len_mean      | 1e+03    |
|    ep_rew_mean      | -759     |
|    exploration_rate | 0.05     |
| time/               |          |
|    episodes         | 184      |
|    fps              | 1172     |
|    time_elapsed     | 151      |
|    total_timesteps  | 177327   |
| train/              |          |
|    learning_rate    | 0.001    |
|    loss             | 0.000422 |
|    n_updates        | 44081    |
----------------------------------
----------------------------------
| rollout/            |          |
|    ep_len_mean      | 1e+03    |
|    ep_rew_mean      | -759     |
|    exploration_rate | 0.05     |
| time/               |          |
|    episodes         | 188      |
|    fps              | 1170     |
|    time_elapsed     | 154      |
|    total_timesteps  | 181327   |
| train/              |          |
|    learning_rate    | 0.001    |
|    loss             | 0.00274  |
|    n_updates        | 45081    |
----------------------------------
----------------------------------
| rollout/            |          |
|    ep_len_mean      | 1e+03    |
|    ep_rew_mean      | -754     |
|    exploration_rate | 0.05     |
| time/               |          |
|    episodes         | 192      |
|    fps              | 1169     |
|    time_elapsed     | 158      |
|    total_timesteps  | 185327   |
| train/              |          |
|    learning_rate    | 0.001    |
|    loss             | 0.000122 |
|    n_updates        | 46081    |
----------------------------------
----------------------------------
| rollout/            |          |
|    ep_len_mean      | 1e+03    |
|    ep_rew_mean      | -748     |
|    exploration_rate | 0.05     |
| time/               |          |
|    episodes         | 196      |
|    fps              | 1167     |
|    time_elapsed     | 162      |
|    total_timesteps  | 189327   |
| train/              |          |
|    learning_rate    | 0.001    |
|    loss             | 0.000111 |
|    n_updates        | 47081    |
----------------------------------
----------------------------------
| rollout/            |          |
|    ep_len_mean      | 1e+03    |
|    ep_rew_mean      | -746     |
|    exploration_rate | 0.05     |
| time/               |          |
|    episodes         | 200      |
|    fps              | 1165     |
|    time_elapsed     | 165      |
|    total_timesteps  | 193327   |
| train/              |          |
|    learning_rate    | 0.001    |
|    loss             | 0.00066  |
|    n_updates        | 48081    |
----------------------------------
----------------------------------
| rollout/            |          |
|    ep_len_mean      | 1e+03    |
|    ep_rew_mean      | -740     |
|    exploration_rate | 0.05     |
| time/               |          |
|    episodes         | 204      |
|    fps              | 1164     |
|    time_elapsed     | 169      |
|    total_timesteps  | 197327   |
| train/              |          |
|    learning_rate    | 0.001    |
|    loss             | 0.00688  |
|    n_updates        | 49081    |
----------------------------------
----------------------------------
| rollout/            |          |
|    ep_len_mean      | 1e+03    |
|    ep_rew_mean      | -738     |
|    exploration_rate | 0.05     |
| time/               |          |
|    episodes         | 208      |
|    fps              | 1163     |
|    time_elapsed     | 173      |
|    total_timesteps  | 201327   |
| train/              |          |
|    learning_rate    | 0.001    |
|    loss             | 0.00619  |
|    n_updates        | 50081    |
----------------------------------
----------------------------------
| rollout/            |          |
|    ep_len_mean      | 1e+03    |
|    ep_rew_mean      | -734     |
|    exploration_rate | 0.05     |
| time/               |          |
|    episodes         | 212      |
|    fps              | 1162     |
|    time_elapsed     | 176      |
|    total_timesteps  | 205327   |
| train/              |          |
|    learning_rate    | 0.001    |
|    loss             | 0.00027  |
|    n_updates        | 51081    |
----------------------------------
----------------------------------
| rollout/            |          |
|    ep_len_mean      | 1e+03    |
|    ep_rew_mean      | -730     |
|    exploration_rate | 0.05     |
| time/               |          |
|    episodes         | 216      |
|    fps              | 1161     |
|    time_elapsed     | 180      |
|    total_timesteps  | 209327   |
| train/              |          |
|    learning_rate    | 0.001    |
|    loss             | 0.000229 |
|    n_updates        | 52081    |
----------------------------------
----------------------------------
| rollout/            |          |
|    ep_len_mean      | 1e+03    |
|    ep_rew_mean      | -727     |
|    exploration_rate | 0.05     |
| time/               |          |
|    episodes         | 220      |
|    fps              | 1159     |
|    time_elapsed     | 183      |
|    total_timesteps  | 213327   |
| train/              |          |
|    learning_rate    | 0.001    |
|    loss             | 0.000448 |
|    n_updates        | 53081    |
----------------------------------
----------------------------------
| rollout/            |          |
|    ep_len_mean      | 1e+03    |
|    ep_rew_mean      | -721     |
|    exploration_rate | 0.05     |
| time/               |          |
|    episodes         | 224      |
|    fps              | 1158     |
|    time_elapsed     | 187      |
|    total_timesteps  | 217327   |
| train/              |          |
|    learning_rate    | 0.001    |
|    loss             | 0.00817  |
|    n_updates        | 54081    |
----------------------------------
----------------------------------
| rollout/            |          |
|    ep_len_mean      | 1e+03    |
|    ep_rew_mean      | -718     |
|    exploration_rate | 0.05     |
| time/               |          |
|    episodes         | 228      |
|    fps              | 1157     |
|    time_elapsed     | 191      |
|    total_timesteps  | 221327   |
| train/              |          |
|    learning_rate    | 0.001    |
|    loss             | 0.000552 |
|    n_updates        | 55081    |
----------------------------------
----------------------------------
| rollout/            |          |
|    ep_len_mean      | 1e+03    |
|    ep_rew_mean      | -714     |
|    exploration_rate | 0.05     |
| time/               |          |
|    episodes         | 232      |
|    fps              | 1156     |
|    time_elapsed     | 194      |
|    total_timesteps  | 225327   |
| train/              |          |
|    learning_rate    | 0.001    |
|    loss             | 6.16e-05 |
|    n_updates        | 56081    |
----------------------------------
----------------------------------
| rollout/            |          |
|    ep_len_mean      | 1e+03    |
|    ep_rew_mean      | -708     |
|    exploration_rate | 0.05     |
| time/               |          |
|    episodes         | 236      |
|    fps              | 1155     |
|    time_elapsed     | 198      |
|    total_timesteps  | 229327   |
| train/              |          |
|    learning_rate    | 0.001    |
|    loss             | 0.0089   |
|    n_updates        | 57081    |
----------------------------------
----------------------------------
| rollout/            |          |
|    ep_len_mean      | 1e+03    |
|    ep_rew_mean      | -705     |
|    exploration_rate | 0.05     |
| time/               |          |
|    episodes         | 240      |
|    fps              | 1154     |
|    time_elapsed     | 202      |
|    total_timesteps  | 233327   |
| train/              |          |
|    learning_rate    | 0.001    |
|    loss             | 0.00016  |
|    n_updates        | 58081    |
----------------------------------
----------------------------------
| rollout/            |          |
|    ep_len_mean      | 1e+03    |
|    ep_rew_mean      | -701     |
|    exploration_rate | 0.05     |
| time/               |          |
|    episodes         | 244      |
|    fps              | 1153     |
|    time_elapsed     | 205      |
|    total_timesteps  | 237327   |
| train/              |          |
|    learning_rate    | 0.001    |
|    loss             | 0.000132 |
|    n_updates        | 59081    |
----------------------------------
----------------------------------
| rollout/            |          |
|    ep_len_mean      | 1e+03    |
|    ep_rew_mean      | -700     |
|    exploration_rate | 0.05     |
| time/               |          |
|    episodes         | 248      |
|    fps              | 1152     |
|    time_elapsed     | 209      |
|    total_timesteps  | 241327   |
| train/              |          |
|    learning_rate    | 0.001    |
|    loss             | 0.00196  |
|    n_updates        | 60081    |
----------------------------------
----------------------------------
| rollout/            |          |
|    ep_len_mean      | 1e+03    |
|    ep_rew_mean      | -701     |
|    exploration_rate | 0.05     |
| time/               |          |
|    episodes         | 252      |
|    fps              | 1151     |
|    time_elapsed     | 212      |
|    total_timesteps  | 245327   |
| train/              |          |
|    learning_rate    | 0.001    |
|    loss             | 0.000269 |
|    n_updates        | 61081    |
----------------------------------
----------------------------------
| rollout/            |          |
|    ep_len_mean      | 1e+03    |
|    ep_rew_mean      | -696     |
|    exploration_rate | 0.05     |
| time/               |          |
|    episodes         | 256      |
|    fps              | 1150     |
|    time_elapsed     | 216      |
|    total_timesteps  | 249327   |
| train/              |          |
|    learning_rate    | 0.001    |
|    loss             | 0.000835 |
|    n_updates        | 62081    |
----------------------------------
----------------------------------
| rollout/            |          |
|    ep_len_mean      | 1e+03    |
|    ep_rew_mean      | -694     |
|    exploration_rate | 0.05     |
| time/               |          |
|    episodes         | 260      |
|    fps              | 1149     |
|    time_elapsed     | 220      |
|    total_timesteps  | 253327   |
| train/              |          |
|    learning_rate    | 0.001    |
|    loss             | 0.000562 |
|    n_updates        | 63081    |
----------------------------------
----------------------------------
| rollout/            |          |
|    ep_len_mean      | 1e+03    |
|    ep_rew_mean      | -695     |
|    exploration_rate | 0.05     |
| time/               |          |
|    episodes         | 264      |
|    fps              | 1148     |
|    time_elapsed     | 224      |
|    total_timesteps  | 257327   |
| train/              |          |
|    learning_rate    | 0.001    |
|    loss             | 0.000653 |
|    n_updates        | 64081    |
----------------------------------
----------------------------------
| rollout/            |          |
|    ep_len_mean      | 1e+03    |
|    ep_rew_mean      | -693     |
|    exploration_rate | 0.05     |
| time/               |          |
|    episodes         | 268      |
|    fps              | 1147     |
|    time_elapsed     | 227      |
|    total_timesteps  | 261327   |
| train/              |          |
|    learning_rate    | 0.001    |
|    loss             | 0.00031  |
|    n_updates        | 65081    |
----------------------------------
----------------------------------
| rollout/            |          |
|    ep_len_mean      | 1e+03    |
|    ep_rew_mean      | -693     |
|    exploration_rate | 0.05     |
| time/               |          |
|    episodes         | 272      |
|    fps              | 1146     |
|    time_elapsed     | 231      |
|    total_timesteps  | 265327   |
| train/              |          |
|    learning_rate    | 0.001    |
|    loss             | 0.000157 |
|    n_updates        | 66081    |
----------------------------------
----------------------------------
| rollout/            |          |
|    ep_len_mean      | 1e+03    |
|    ep_rew_mean      | -693     |
|    exploration_rate | 0.05     |
| time/               |          |
|    episodes         | 276      |
|    fps              | 1146     |
|    time_elapsed     | 235      |
|    total_timesteps  | 269327   |
| train/              |          |
|    learning_rate    | 0.001    |
|    loss             | 0.000225 |
|    n_updates        | 67081    |
----------------------------------
----------------------------------
| rollout/            |          |
|    ep_len_mean      | 1e+03    |
|    ep_rew_mean      | -692     |
|    exploration_rate | 0.05     |
| time/               |          |
|    episodes         | 280      |
|    fps              | 1145     |
|    time_elapsed     | 238      |
|    total_timesteps  | 273327   |
| train/              |          |
|    learning_rate    | 0.001    |
|    loss             | 0.00299  |
|    n_updates        | 68081    |
----------------------------------
----------------------------------
| rollout/            |          |
|    ep_len_mean      | 1e+03    |
|    ep_rew_mean      | -691     |
|    exploration_rate | 0.05     |
| time/               |          |
|    episodes         | 284      |
|    fps              | 1144     |
|    time_elapsed     | 242      |
|    total_timesteps  | 277327   |
| train/              |          |
|    learning_rate    | 0.001    |
|    loss             | 0.00264  |
|    n_updates        | 69081    |
----------------------------------
----------------------------------
| rollout/            |          |
|    ep_len_mean      | 1e+03    |
|    ep_rew_mean      | -689     |
|    exploration_rate | 0.05     |
| time/               |          |
|    episodes         | 288      |
|    fps              | 1143     |
|    time_elapsed     | 245      |
|    total_timesteps  | 281327   |
| train/              |          |
|    learning_rate    | 0.001    |
|    loss             | 0.00324  |
|    n_updates        | 70081    |
----------------------------------
----------------------------------
| rollout/            |          |
|    ep_len_mean      | 1e+03    |
|    ep_rew_mean      | -689     |
|    exploration_rate | 0.05     |
| time/               |          |
|    episodes         | 292      |
|    fps              | 1143     |
|    time_elapsed     | 249      |
|    total_timesteps  | 285327   |
| train/              |          |
|    learning_rate    | 0.001    |
|    loss             | 0.000756 |
|    n_updates        | 71081    |
----------------------------------
----------------------------------
| rollout/            |          |
|    ep_len_mean      | 1e+03    |
|    ep_rew_mean      | -689     |
|    exploration_rate | 0.05     |
| time/               |          |
|    episodes         | 296      |
|    fps              | 1142     |
|    time_elapsed     | 253      |
|    total_timesteps  | 289327   |
| train/              |          |
|    learning_rate    | 0.001    |
|    loss             | 0.00055  |
|    n_updates        | 72081    |
----------------------------------
----------------------------------
| rollout/            |          |
|    ep_len_mean      | 1e+03    |
|    ep_rew_mean      | -686     |
|    exploration_rate | 0.05     |
| time/               |          |
|    episodes         | 300      |
|    fps              | 1141     |
|    time_elapsed     | 256      |
|    total_timesteps  | 293327   |
| train/              |          |
|    learning_rate    | 0.001    |
|    loss             | 0.00068  |
|    n_updates        | 73081    |
----------------------------------
----------------------------------
| rollout/            |          |
|    ep_len_mean      | 1e+03    |
|    ep_rew_mean      | -685     |
|    exploration_rate | 0.05     |
| time/               |          |
|    episodes         | 304      |
|    fps              | 1141     |
|    time_elapsed     | 260      |
|    total_timesteps  | 297327   |
| train/              |          |
|    learning_rate    | 0.001    |
|    loss             | 2.85e-05 |
|    n_updates        | 74081    |
----------------------------------
 100% --------------------- 300,000/300,000  [ 0:04:23 < 0:00:00 , 1,096 it/s ]
Model saved.
